// Jest Snapshot v1, https://goo.gl/fbAQLP

exports[`ArtworkGallery renders correctly 1`] = `
<div>
  Â 
</div>
`;
